// Jest Snapshot v1, https://goo.gl/fbAQLP

exports[`Leaderboard renders correctly 1`] = `
<div
  className="leaderboard"
>
  <SearchBar
    onChange={[Function]}
    searchTerm=""
  />
  <div
    className="results"
  />
</div>
`;
