// Jest Snapshot v1, https://goo.gl/fbAQLP

exports[`renders correctly 1`] = `
<i
  aria-hidden="true"
  className="fa fa-check"
  data-test="race-status-passed"
/>
`;
